// Jest Snapshot v1, https://goo.gl/fbAQLP

exports[`About renders correctly 1`] = `
<section
  id="introduction"
>
  <div
    className="About"
  >
    <h2
      className="About_title"
      data-testid="title"
    >
      A PROPOS
    </h2>
    <div
      className="About_separator"
      data-testid="separator"
    />
    <p
      className="About_text"
      data-testid="text"
    >
      Développeur web 
      <strong>
        Front-End
      </strong>
       Freelance dans les Hauts-de-France (Lille), Spécialisé 
      <strong>
        Javascript / React.js / NextJS / Gatsby
      </strong>
       et dans l'intégration / développement responsive 
      <strong>
        HTML/CSS/JS
      </strong>
      . Je vous accompagne dans le développement de votre projet web. Vous retrouverez ici mon portfolio et un moyen de me contacter.
    </p>
    <a
      className="btn_link"
      href="#contact"
    >
      <button
        className="btn btn_contact"
      >
        ME CONTACTER
      </button>
    </a>
    <div
      className="creativity"
      data-testid="creativity"
    >
      <div
        className="creativity_block"
      >
        <a
          className="creativity_btn"
          target="_blank"
        >
          Créativité
        </a>
      </div>
    </div>
  </div>
</section>
`;
