// Jest Snapshot v1, https://goo.gl/fbAQLP

exports[`Header renders correctly 1`] = `
<section
  id="home"
>
  <div
    className="Header"
  >
    <nav
      className="Header_nav nav_notVisible"
    >
      <ul>
        <li>
          <a
            href="#home"
            onClick={[Function]}
          >
            <span>
              Accueil
            </span>
          </a>
        </li>
        <li>
          <a
            href="#portfolio"
            onClick={[Function]}
          >
            <span>
              Portfolio
            </span>
          </a>
        </li>
        <li>
          <a
            href="#contact"
            onClick={[Function]}
          >
            <span>
              Contact
            </span>
          </a>
        </li>
        <li>
          <a
            href="/blog"
            onClick={[Function]}
          >
            <span>
              Blog
            </span>
          </a>
        </li>
      </ul>
      <a
        className="cd-close-menu"
        href="#"
        onClick={[Function]}
      >
        Close
        <span />
      </a>
    </nav>
    <a
      className="cd-menu-trigger"
      href="#main-nav"
      onClick={[Function]}
    >
      <span />
    </a>
    <h1
      className="Header_title"
    >
      GUILLAUME DAVID
    </h1>
    <div
      className="Header_separator-white"
    />
    <h3
      className="Header_description"
    >
      DÃ©veloppeur Front End / Javascript / React
    </h3>
    <a
      className="mouse-scroll"
      href="#introduction"
    >
      <span
        className="mouse"
      >
        <span
          className="mouse-movement"
        />
      </span>
      <span
        className="mouse-message fadeIn"
      >
        scroll
      </span>
    </a>
  </div>
</section>
`;
